获取全市场沪深A股(主板+创业板, 排除北交所/科创板/ST)...
共4410只, 开始扫描...

★ 600051.SH [红杏出墙] 收盘6.34 量比1.24x ATR止损位6.03
  ...已扫描50/4410
★ 600081.SH [红杏出墙] 收盘10.14 量比1.18x ATR止损位10.17
★ 600127.SH [红杏出墙] 收盘9.31 量比1.3x ATR止损位7.93
  ...已扫描100/4410
★ 600162.SH [红杏出墙] 收盘4.32 量比1.13x ATR止损位4.16
  ...已扫描150/4410
★ 600223.SH [红杏出墙] 收盘5.78 量比1.8x ATR止损位5.51
★ 600235.SH [红杏出墙] 收盘5.82 量比1.29x ATR止损位5.46
★ 600250.SH [红杏出墙] 收盘9.51 量比1.23x ATR止损位9.23
★ 600258.SH [红杏出墙] 收盘12.27 量比1.07x ATR止损位11.93
★ 600272.SH [红杏出墙] 收盘19.18 量比1.28x ATR止损位15.87
★ 600279.SH [红杏出墙] 收盘4.42 量比1.38x ATR止损位4.22
  ...已扫描200/4410
★ 600354.SH [红杏出墙] 收盘7.09 量比1.03x ATR止损位6.56
★ 600356.SH [红杏出墙] 收盘9.02 量比1.49x ATR止损位8.44
★ 600368.SH [红杏出墙] 收盘4.14 量比1.62x ATR止损位3.94
★ 600371.SH [红杏出墙] 收盘8.67 量比1.08x ATR止损位8.17
  ...已扫描250/4410
★ 600409.SH [红杏出墙] 收盘6.95 量比1.3x ATR止损位6.54
★ 600425.SH [红杏出墙] 收盘3.66 量比1.23x ATR止损位3.47
  ...已扫描300/4410
★ 600479.SH [红杏出墙] 收盘10.02 量比1.06x ATR止损位9.6
★ 600493.SH [红杏出墙] 收盘6.19 量比1.08x ATR止损位5.74
★ 600508.SH [红杏出墙] 收盘10.87 量比1.74x ATR止损位10.02
★ 600533.SH [红杏出墙] 收盘2.2 量比1.05x ATR止损位2.02
  ...已扫描350/4410
★ 600562.SH [红杏出墙] 收盘26.46 量比1.14x ATR止损位24.79
  ...已扫描400/4410
★ 600613.SH [红杏出墙] 收盘10.27 量比1.29x ATR止损位8.67
★ 600616.SH [红杏出墙] 收盘4.37 量比1.04x ATR止损位4.14
★ 600626.SH [红杏出墙] 收盘3.63 量比1.26x ATR止损位3.41
★ 600628.SH [红杏出墙] 收盘6.27 量比1.26x ATR止损位5.96
★ 600648.SH [红杏出墙] 收盘9.27 量比1.7x ATR止损位8.86
★ 600653.SH [红杏出墙] 收盘1.7 量比1.12x ATR止损位1.63
  ...已扫描450/4410
★ 600697.SH [红杏出墙] 收盘11.03 量比1.37x ATR止损位10.32
★ 600706.SH [红杏出墙] 收盘8.01 量比1.43x ATR止损位7.51
★ 600721.SH [红杏出墙] 收盘14.96 量比1.1x ATR止损位11.91
★ 600731.SH [红杏出墙] 收盘5.85 量比1.04x ATR止损位5.7
★ 600746.SH [红杏出墙] 收盘6.74 量比1.28x ATR止损位6.45
  ...已扫描500/4410
★ 600794.SH [红杏出墙] 收盘3.22 量比1.2x ATR止损位3.08
★ 600796.SH [红杏出墙] 收盘5.17 量比1.03x ATR止损位4.92
★ 600803.SH [红杏出墙] 收盘17.86 量比1.0x ATR止损位17.39
★ 600805.SH [红杏出墙] 收盘4.64 量比1.47x ATR止损位4.43
★ 600807.SH [红杏出墙] 收盘2.65 量比1.03x ATR止损位2.45
★ 600814.SH [红杏出墙] 收盘6.84 量比1.52x ATR止损位6.52
★ 600817.SH [红杏出墙] 收盘9.61 量比1.1x ATR止损位9.12
  ...已扫描550/4410
★ 600822.SH [红杏出墙] 收盘8.51 量比1.22x ATR止损位8.18
★ 600824.SH [红杏出墙] 收盘3.64 量比1.04x ATR止损位3.54
★ 600854.SH [红杏出墙] 收盘4.65 量比1.24x ATR止损位4.38
★ 600858.SH [红杏出墙] 收盘4.92 量比1.41x ATR止损位4.68
  ...已扫描600/4410
★ 600941.SH [红杏出墙] 收盘98.86 量比1.22x ATR止损位95.44
★ 600971.SH [红杏出墙] 收盘8.73 量比1.13x ATR止损位8.12
  ...已扫描650/4410
★ 601007.SH [红杏出墙] 收盘6.89 量比1.63x ATR止损位6.57
  ...已扫描700/4410
  ...已扫描750/4410
★ 601368.SH [红杏出墙] 收盘4.64 量比1.07x ATR止损位4.43
  ...已扫描800/4410
★ 601700.SH [红杏出墙] 收盘7.51 量比1.33x ATR止损位6.19
★ 601798.SH [红杏出墙] 收盘7.83 量比1.04x ATR止损位7.37
  ...已扫描850/4410
★ 601898.SH [红杏出墙] 收盘14.86 量比1.39x ATR止损位13.67
  ...已扫描900/4410
★ 603048.SH [红杏出墙] 收盘22.01 量比1.26x ATR止损位20.19
★ 603055.SH [红杏出墙] 收盘9.15 量比1.34x ATR止损位8.55
  ...已扫描950/4410
★ 603128.SH [红杏出墙] 收盘5.55 量比2.07x ATR止损位5.37
★ 603136.SH [红杏出墙] 收盘9.25 量比1.43x ATR止损位8.77
★ 603168.SH [红杏出墙] 收盘5.76 量比1.03x ATR止损位5.27
  ...已扫描1000/4410
★ 603214.SH [红杏出墙] 收盘13.79 量比1.6x ATR止损位13.09
  ...已扫描1050/4410
★ 603329.SH [红杏出墙] 收盘10.6 量比1.05x ATR止损位10.0
★ 603333.SH [红杏出墙] 收盘9.75 量比1.29x ATR止损位9.48
  ...已扫描1100/4410
★ 603408.SH [红杏出墙] 收盘11.4 量比2.01x ATR止损位10.73
★ 603518.SH [红杏出墙] 收盘8.12 量比1.65x ATR止损位7.76
  ...已扫描1150/4410
★ 603569.SH [红杏出墙] 收盘6.0 量比1.21x ATR止损位5.66
★ 603577.SH [红杏出墙] 收盘10.34 量比1.34x ATR止损位9.83
★ 603605.SH [一阳穿三线] 收盘61.2 量比2.51x ATR止损位59.24
  ...已扫描1200/4410
  ...已扫描1250/4410
★ 603766.SH [红杏出墙] 收盘14.86 量比1.17x ATR止损位13.79
★ 603768.SH [红杏出墙] 收盘11.8 量比1.69x ATR止损位11.07
★ 603787.SH [红杏出墙] 收盘10.36 量比1.36x ATR止损位10.04
★ 603817.SH [红杏出墙] 收盘5.74 量比1.11x ATR止损位5.5
  ...已扫描1300/4410
★ 603839.SH [红杏出墙] 收盘7.28 量比1.11x ATR止损位6.68
  ...已扫描1350/4410
★ 605009.SH [红杏出墙] 收盘25.14 量比1.21x ATR止损位23.59
  ...已扫描1400/4410
★ 605158.SH [红杏出墙] 收盘7.89 量比1.58x ATR止损位7.37
  ...已扫描1450/4410
★ 605296.SH [红杏出墙] 收盘32.08 量比1.38x ATR止损位29.65
★ 605500.SH [红杏出墙] 收盘7.15 量比1.4x ATR止损位6.68
  ...已扫描1500/4410
★ 000090.SZ [红杏出墙] 收盘3.5 量比1.03x ATR止损位3.33
★ 000096.SZ [红杏出墙] 收盘8.1 量比1.29x ATR止损位7.83
  ...已扫描1550/4410
★ 000419.SZ [红杏出墙] 收盘4.97 量比1.12x ATR止损位4.69
★ 000505.SZ [红杏出墙] 收盘6.98 量比1.1x ATR止损位6.83
  ...已扫描1600/4410
★ 000552.SZ [红杏出墙] 收盘2.63 量比1.19x ATR止损位2.52
★ 000554.SZ [红杏出墙] 收盘6.54 量比1.07x ATR止损位6.26
  ...已扫描1650/4410
★ 000617.SZ [揭竿而起] 收盘7.45 量比2.09x ATR止损位7.23
★ 000655.SZ [红杏出墙] 收盘7.12 量比1.4x ATR止损位6.77
  ...已扫描1700/4410
★ 000713.SZ [红杏出墙] 收盘6.24 量比1.02x ATR止损位5.85
★ 000715.SZ [红杏出墙] 收盘5.34 量比1.45x ATR止损位5.12
★ 000728.SZ [揭竿而起] 收盘7.35 量比2.66x ATR止损位7.17
  ...已扫描1750/4410
★ 000812.SZ [红杏出墙] 收盘3.63 量比1.08x ATR止损位3.49
★ 000850.SZ [红杏出墙] 收盘4.41 量比1.51x ATR止损位4.13
  ...已扫描1800/4410
★ 000888.SZ [红杏出墙] 收盘9.97 量比1.32x ATR止损位9.51
★ 000912.SZ [红杏出墙] 收盘3.92 量比1.85x ATR止损位3.71
  ...已扫描1850/4410
★ 000953.SZ [红杏出墙] 收盘6.42 量比1.23x ATR止损位5.9
★ 000957.SZ [红杏出墙] 收盘10.42 量比1.02x ATR止损位10.05
★ 000995.SZ [红杏出墙] 收盘11.08 量比1.4x ATR止损位10.88
★ 001201.SZ [红杏出墙] 收盘12.05 量比1.02x ATR止损位11.42
  ...已扫描1900/4410
★ 001217.SZ [红杏出墙] 收盘10.12 量比1.12x ATR止损位9.65
★ 001230.SZ [红杏出墙] 收盘23.76 量比1.48x ATR止损位21.12
  ...已扫描1950/4410
★ 002026.SZ [一阳穿三线] 收盘11.0 量比2.53x ATR止损位10.27
★ 002033.SZ [红杏出墙] 收盘9.15 量比1.35x ATR止损位8.69
★ 002038.SZ [红杏出墙] 收盘6.37 量比1.47x ATR止损位6.23
★ 002041.SZ [红杏出墙] 收盘11.21 量比1.2x ATR止损位9.7
  ...已扫描2000/4410
★ 002100.SZ [红杏出墙] 收盘7.26 量比1.01x ATR止损位6.91
★ 002105.SZ [红杏出墙] 收盘6.04 量比1.13x ATR止损位5.59
  ...已扫描2050/4410
  ...已扫描2100/4410
★ 002172.SZ [红杏出墙] 收盘4.62 量比1.24x ATR止损位4.0
  ...已扫描2150/4410
★ 002238.SZ [红杏出墙] 收盘6.6 量比1.84x ATR止损位6.11
★ 002274.SZ [红杏出墙] 收盘6.47 量比1.78x ATR止损位6.01
  ...已扫描2200/4410
  ...已扫描2250/4410
★ 002344.SZ [红杏出墙] 收盘3.91 量比1.07x ATR止损位3.85
★ 002383.SZ [一阳穿三线] 收盘7.03 量比2.02x ATR止损位6.7
  ...已扫描2300/4410
★ 002408.SZ [红杏出墙] 收盘5.44 量比1.58x ATR止损位5.12
★ 002412.SZ [红杏出墙] 收盘12.33 量比2.63x ATR止损位10.89
★ 002423.SZ [红杏出墙] 收盘9.62 量比2.02x ATR止损位9.17
★ 002437.SZ [红杏出墙] 收盘4.3 量比1.22x ATR止损位3.98
  ...已扫描2350/4410
★ 002486.SZ [红杏出墙] 收盘2.7 量比1.26x ATR止损位2.49
★ 002490.SZ [红杏出墙] 收盘8.29 量比1.09x ATR止损位7.47
★ 002495.SZ [红杏出墙] 收盘2.41 量比1.14x ATR止损位2.28
  ...已扫描2400/4410
★ 002523.SZ [红杏出墙] 收盘3.45 量比1.14x ATR止损位3.24
★ 002524.SZ [红杏出墙] 收盘4.04 量比1.12x ATR止损位3.74
★ 002535.SZ [红杏出墙] 收盘2.57 量比1.15x ATR止损位2.36
  ...已扫描2450/4410
★ 002566.SZ [红杏出墙] 收盘7.11 量比1.17x ATR止损位6.56
★ 002574.SZ [红杏出墙] 收盘4.99 量比2.6x ATR止损位4.84
★ 002593.SZ [红杏出墙] 收盘4.48 量比1.36x ATR止损位4.27
★ 002614.SZ [红杏出墙] 收盘5.79 量比2.36x ATR止损位5.43
★ 002622.SZ [红杏出墙] 收盘2.63 量比1.18x ATR止损位2.33
  ...已扫描2500/4410
★ 002663.SZ [红杏出墙] 收盘1.72 量比1.49x ATR止损位1.56
★ 002679.SZ [红杏出墙] 收盘9.59 量比1.28x ATR止损位8.98
  ...已扫描2550/4410
★ 002686.SZ [红杏出墙] 收盘6.82 量比1.37x ATR止损位5.93
★ 002687.SZ [红杏出墙] 收盘6.45 量比1.24x ATR止损位5.68
★ 002714.SZ [红杏出墙] 收盘39.93 量比1.15x ATR止损位38.19
★ 002722.SZ [红杏出墙] 收盘12.98 量比1.05x ATR止损位12.83
★ 002742.SZ [红杏出墙] 收盘4.68 量比1.07x ATR止损位3.81
  ...已扫描2600/4410
★ 002746.SZ [红杏出墙] 收盘6.4 量比1.06x ATR止损位6.15
★ 002748.SZ [红杏出墙] 收盘12.25 量比1.69x ATR止损位11.32
★ 002753.SZ [红杏出墙] 收盘6.93 量比1.53x ATR止损位6.53
★ 002783.SZ [红杏出墙] 收盘7.95 量比1.06x ATR止损位7.56
  ...已扫描2650/4410
★ 002817.SZ [红杏出墙] 收盘6.71 量比1.11x ATR止损位6.28
★ 002864.SZ [红杏出墙] 收盘22.38 量比1.25x ATR止损位21.31
  ...已扫描2700/4410
★ 002889.SZ [红杏出墙] 收盘12.86 量比1.06x ATR止损位12.72
  ...已扫描2750/4410
★ 002953.SZ [红杏出墙] 收盘10.93 量比1.04x ATR止损位10.49
  ...已扫描2800/4410
★ 003010.SZ [红杏出墙] 收盘30.0 量比1.27x ATR止损位26.47
★ 003016.SZ [红杏出墙] 收盘7.02 量比1.19x ATR止损位6.63
  ...已扫描2850/4410
★ 003040.SZ [红杏出墙] 收盘15.48 量比1.33x ATR止损位13.26
★ 300006.SZ [红杏出墙] 收盘5.6 量比1.29x ATR止损位4.93
★ 300025.SZ [红杏出墙] 收盘5.27 量比1.05x ATR止损位5.0
  ...已扫描2900/4410
  ...已扫描2950/4410
★ 300112.SZ [红杏出墙] 收盘10.69 量比1.47x ATR止损位9.25
★ 300135.SZ [红杏出墙] 收盘3.51 量比1.24x ATR止损位3.45
  ...已扫描3000/4410
★ 300172.SZ [红杏出墙] 收盘4.66 量比1.02x ATR止损位4.43
★ 300191.SZ [红杏出墙] 收盘34.62 量比1.19x ATR止损位31.02
★ 300192.SZ [红杏出墙] 收盘17.68 量比1.25x ATR止损位15.61
  ...已扫描3050/4410
  ...已扫描3100/4410
★ 300313.SZ [红杏出墙] 收盘16.63 量比1.14x ATR止损位14.36
  ...已扫描3150/4410
  ...已扫描3200/4410
  ...已扫描3250/4410
★ 300483.SZ [红杏出墙] 收盘24.02 量比1.15x ATR止损位21.96
  ...已扫描3300/4410
★ 300519.SZ [红杏出墙] 收盘15.26 量比1.52x ATR止损位14.11
  ...已扫描3350/4410
★ 300579.SZ [一阳穿三线] 收盘23.06 量比2.44x ATR止损位22.01
★ 300611.SZ [一阳穿三线] 收盘24.7 量比2.29x ATR止损位23.12
  ...已扫描3400/4410
★ 300642.SZ [红杏出墙] 收盘16.2 量比1.98x ATR止损位14.34
  ...已扫描3450/4410
  ...已扫描3500/4410
★ 300760.SZ [红杏出墙] 收盘162.12 量比1.09x ATR止损位151.69
  ...已扫描3550/4410
  ...已扫描3600/4410
★ 300884.SZ [红杏出墙] 收盘12.73 量比1.1x ATR止损位11.77
  ...已扫描3650/4410
★ 300929.SZ [红杏出墙] 收盘17.45 量比1.17x ATR止损位15.45
  ...已扫描3700/4410
★ 300962.SZ [红杏出墙] 收盘13.8 量比1.79x ATR止损位12.95
  ...已扫描3750/4410
★ 301009.SZ [红杏出墙] 收盘9.17 量比1.1x ATR止损位8.69
★ 301039.SZ [红杏出墙] 收盘8.3 量比1.31x ATR止损位7.94
  ...已扫描3800/4410
  ...已扫描3850/4410
★ 301130.SZ [红杏出墙] 收盘38.72 量比1.25x ATR止损位31.98
  ...已扫描3900/4410
★ 301211.SZ [红杏出墙] 收盘13.34 量比1.03x ATR止损位12.48
★ 301218.SZ [红杏出墙] 收盘47.52 量比1.46x ATR止损位40.13
  ...已扫描3950/4410
★ 301239.SZ [红杏出墙] 收盘36.18 量比1.09x ATR止损位35.32
  ...已扫描4000/4410
★ 301365.SZ [红杏出墙] 收盘39.7 量比1.23x ATR止损位38.57
★ 600925.SH [红杏出墙] 收盘4.46 量比1.27x ATR止损位4.32
  ...已扫描4050/4410
  ...已扫描4100/4410
★ 301376.SZ [红杏出墙] 收盘21.02 量比1.54x ATR止损位19.52
  ...已扫描4150/4410
★ 301520.SZ [红杏出墙] 收盘82.33 量比1.01x ATR止损位65.17
★ 603231.SH [红杏出墙] 收盘16.39 量比1.23x ATR止损位15.54
  ...已扫描4200/4410
  ...已扫描4250/4410
★ 301665.SZ [红杏出墙] 收盘24.51 量比1.17x ATR止损位23.13
  ...已扫描4300/4410
  ...已扫描4350/4410
★ 603268.SH [红杏出墙] 收盘191.2 量比1.89x ATR止损位170.25

============================================================
今日触发信号: 167 只
结果: /home/jesse/135-strategy/outputs/screener_today.json
